/Library/Developer/CommandLineTools/usr/bin/python3: can't open file '/Users/tsukika/Desktop/affiliate-portal/scripts/note_auto_post.py': [Errno 1] Operation not permitted
Auto mode: Searching scheduled column for today...
Searching for columns scheduled for JST today: 2026-07-06
🎉 Found matching column to post: col-eye-cream-application-method.md (scheduled at 2026-07-06 12:00:00)
--- Posting Summary ---
Title: 目元の悩み、解決へ。【アイクリームの正しい塗るタイミングとマッサージ法】
Image: /Users/tsukika/affiliate-portal/public/column-images/col-eye-cream-application-method.png
Body Intro:
顔の中でも特に皮膚が薄く、**皮脂**腺も少ない目元。乾燥や年齢による変化が真っ先に現れやすく、鏡を見るたびに気になってしまう方も多いのではないでしょうか。実は、目元のケアには正しい手順と力加減が不可欠です。

本記事では、目元の皮膚構造を踏まえた保湿の重要性や、**摩擦**を最小限に抑えるための塗布方法、さらに美しさをキープするためのデイリーケアのポイントを詳しく紹介します。今日から目元の扱いを少し変えるだけで、未来のお肌の状態が変わるはずです。

---

## なぜ目元は乾燥しやすく、シワになりやすいのか

目元の皮膚は顔の中で最も薄く、デリケートな部位です。皮脂の分泌も少ないため、本来備わっている**水分**保持能力が低く、どうしても乾燥による小ジワが生じやすい構造をしています。

---

## アイクリームを取り入れる正しい順序とは

**スキンケア**の基本は、水分量の多いものから順番に重ねることです。アイクリームは一般的な乳液やクリームよりも油分が多く、密着性の高いテクスチャーに設計されています。

---

## 色素沈着を防ぐ！摩擦ゼロの塗り方

目元のケアで何よりも避けたいのが「**摩擦**」です。強い力で擦ると色素沈着や皮膚のたるみを引き起こす主要因となります。

---

▼続きはこちらから読めるよ

URL: https://www.mikke-style.com/column/col-eye-cream-application-method?t=1783296005
----------------------
Launching browser...
Navigating to new note editor...
Session expired or not logged in. Logging in to note.com...
❌ Login failed. Still on the login page.
❌ Note posting script failed.
Auto mode: Searching scheduled column for today...
Searching for columns scheduled for JST today: 2026-07-06
🎉 Found matching column to post: col-eye-cream-application-method.md (scheduled at 2026-07-06 12:00:00)
--- Posting Summary ---
Title: 目元の悩み、解決へ。【アイクリームの正しい塗るタイミングとマッサージ法】
Image: /Users/tsukika/affiliate-portal/public/column-images/col-eye-cream-application-method.png
Body Intro:
顔の中でも特に皮膚が薄く、**皮脂**腺も少ない目元。乾燥や年齢による変化が真っ先に現れやすく、鏡を見るたびに気になってしまう方も多いのではないでしょうか。実は、目元のケアには正しい手順と力加減が不可欠です。

本記事では、目元の皮膚構造を踏まえた保湿の重要性や、**摩擦**を最小限に抑えるための塗布方法、さらに美しさをキープするためのデイリーケアのポイントを詳しく紹介します。今日から目元の扱いを少し変えるだけで、未来のお肌の状態が変わるはずです。

---

## なぜ目元は乾燥しやすく、シワになりやすいのか

目元の皮膚は顔の中で最も薄く、デリケートな部位です。皮脂の分泌も少ないため、本来備わっている**水分**保持能力が低く、どうしても乾燥による小ジワが生じやすい構造をしています。

---

## アイクリームを取り入れる正しい順序とは

**スキンケア**の基本は、水分量の多いものから順番に重ねることです。アイクリームは一般的な乳液やクリームよりも油分が多く、密着性の高いテクスチャーに設計されています。

---

## 色素沈着を防ぐ！摩擦ゼロの塗り方

目元のケアで何よりも避けたいのが「**摩擦**」です。強い力で擦ると色素沈着や皮膚のたるみを引き起こす主要因となります。

---

▼続きはこちらから読めるよ

URL: https://www.mikke-style.com/column/col-eye-cream-application-method?t=1783339202
----------------------
Launching browser...
Navigating to new note editor...
Session expired or not logged in. Logging in to note.com...
❌ Login failed. Still on the login page.
❌ Note posting script failed.
Auto mode: Searching scheduled column for today...
Searching for columns scheduled for JST today: 2026-07-07
🎉 Found matching column to post: col-serum-layering-technique.md (scheduled at 2026-07-07 12:00:00)
--- Posting Summary ---
Title: その乾燥、放置厳禁。【美容液の効果を逃さない重ね付けの順番】
Image: /Users/tsukika/affiliate-portal/public/column-images/col-serum-layering-technique.png
Body Intro:
お肌の悩みに合わせて複数の**美容液**を取り入れている方は多いのではないでしょうか。ただ、なんとなく順番に塗るだけでは、配合されている成分のポテンシャルを十分に引き出せていない可能性があります。

スキンケアには、成分の浸透効率や肌の物理的な性質に基づいた「理にかなった順番」というものが確実に存在します。今回は、複数の**美容液**を重ねる際の正しいルールや、摩擦を極限まで抑えて成分をしっかりと角質層まで届けるためのテクニックを詳しく紐解いていきます。毎日の何気ないケアを見直すだけで、肌の質感や潤いの持続力は大きく変わります。

正しい知識を身につけ、より効果的な**スキンケア**時間を手に入れましょう。

---

## 基本はテクスチャーの軽い順から

**美容液**を重ねる際の鉄則は、粘度の低い「水溶性が高いもの」から塗り、粘度の高い「油溶性が高いもの」で蓋をするという順序です。

---

## 摩擦を避け、手のひらで押し込む

**美容液**を塗る際、つい力を込めて擦り込んでいませんか。摩擦は微細な炎症を引き起こし、バリア機能を低下させる要因になります。

---

## ベタつきが落ち着くのを待つ重要性

次のステップに進む**タイミング**も大切なポイントです。前の製品が肌になじみ、ベタつきが落ち着いてから次を重ねるようにしてください。

---

▼続きはこちらから読めるよ

URL: https://www.mikke-style.com/column/col-serum-layering-technique?t=1783382585
----------------------
Launching browser...
Navigating to new note editor...
Session expired or not logged in. Logging in to note.com...
🎉 Saved new session state to /Users/tsukika/affiliate-portal/scratch/state.json
Typing title...
Typing content...
Typing URL...
Pressing Enter twice to trigger link card...
Uploading cover image: /Users/tsukika/affiliate-portal/public/column-images/col-serum-layering-technique.png
Waiting for crop modal...
Clicked crop save button. Waiting for modal to close...
Crop modal closed. Waiting for upload processing...
Clicking '下書き保存' for synchronization...
Clicking '公開に進む'...
Waiting for publishing settings screen...
Adding hashtags: ['みっけ', 'みっけ編集部', 'スキンケア', 'コスメ', '美容']
Added hashtag: みっけ
Added hashtag: みっけ編集部
Added hashtag: スキンケア
Added hashtag: コスメ
Added hashtag: 美容
Clicking '投稿する' / '更新する'...
Waiting for publication to complete...
🎉 Successfully posted! URL: https://editor.note.com/notes/nce904dbb2403/publish/
📝 Updated front matter of /Users/tsukika/affiliate-portal/src/content/columns/col-serum-layering-technique.md with noteUrl.
🎉 Note posting script completed successfully.
Auto mode: Searching scheduled column for today...
Searching for columns scheduled for JST today: 2026-07-07
ℹ️ Column already published to note (has noteUrl): col-serum-layering-technique.md
ℹ️ No columns found to post for today.
No target file to process. Exiting.
Auto mode: Searching scheduled column for today...
Searching for columns scheduled for JST today: 2026-07-08
🎉 Found matching column to post: col-nail-oil-care-habit.md (scheduled at 2026-07-08 12:00:00)
--- Posting Summary ---
Title: 健やかな指先へ。【ネイルオイルの成分と爪の保護効果を高めるケア術】
Image: /Users/tsukika/affiliate-portal/public/column-images/col-nail-oil-care-habit.png
Body Intro:
ふと指先を見たときに、爪の端がめくれていたり、表面が白く**乾燥**していたりすることはありませんか。手元は意外と人目につきやすく、ケアが行き届いていると清潔感が増すパーツです。

爪は皮膚の一部でありながら、自分自身で油分を分泌することができません。そのため、**乾燥**によるトラブルを防ぐには、外部からの丁寧な保湿ケアが非常に重要です。今回は、指先を美しく保つための爪の特性と、効率的なオイルケアの知識を解説します。

---

## 爪の構造と乾燥が引き起こすトラブル

爪は、皮膚の角質が変化したケラチンと呼ばれる硬いタンパク質で構成されています。

---

## 浸透を助けるネイルオイルの成分選び

爪を乾燥から守るためには、ケラチン層に馴染みやすい油分を与えるのが**効果**的です。

---

## 効果を最大化するオイル塗布のステップ

ネイルオイルを塗る際は、ただ表面に塗るだけでなく、爪の溝や根元まで丁寧に行き渡らせるのがコツです。

---

▼続きはこちらから読めるよ

URL: https://www.mikke-style.com/column/col-nail-oil-care-habit?t=1783468806
----------------------
Launching browser...
Loading existing session from /Users/tsukika/affiliate-portal/scratch/state.json...
Navigating to new note editor...
Typing title...
Typing content...
Typing URL...
Pressing Enter twice to trigger link card...
Uploading cover image: /Users/tsukika/affiliate-portal/public/column-images/col-nail-oil-care-habit.png
Waiting for crop modal...
Clicked crop save button. Waiting for modal to close...
Crop modal closed. Waiting for upload processing...
Clicking '下書き保存' for synchronization...
Clicking '公開に進む'...
Waiting for publishing settings screen...
❌ Error occurred during note posting: Page.wait_for_selector: Timeout 15000ms exceeded.
Call log:
  - waiting for locator("button:has-text(\"投稿する\"), button:has-text(\"更新する\")") to be visible

Saved error screenshot to scratch/error_post_state.png
❌ Note posting script failed.
Auto mode: Searching scheduled column for today...
Searching for columns scheduled for JST today: 2026-07-08
🎉 Found matching column to post: col-nail-oil-care-habit.md (scheduled at 2026-07-08 12:00:00)
--- Posting Summary ---
Title: 健やかな指先へ。【ネイルオイルの成分と爪の保護効果を高めるケア術】
Image: /Users/tsukika/affiliate-portal/public/column-images/col-nail-oil-care-habit.png
Body Intro:
ふと指先を見たときに、爪の端がめくれていたり、表面が白く**乾燥**していたりすることはありませんか。手元は意外と人目につきやすく、ケアが行き届いていると清潔感が増すパーツです。

爪は皮膚の一部でありながら、自分自身で油分を分泌することができません。そのため、**乾燥**によるトラブルを防ぐには、外部からの丁寧な保湿ケアが非常に重要です。今回は、指先を美しく保つための爪の特性と、効率的なオイルケアの知識を解説します。

---

## 爪の構造と乾燥が引き起こすトラブル

爪は、皮膚の角質が変化したケラチンと呼ばれる硬いタンパク質で構成されています。

---

## 浸透を助けるネイルオイルの成分選び

爪を乾燥から守るためには、ケラチン層に馴染みやすい油分を与えるのが**効果**的です。

---

## 効果を最大化するオイル塗布のステップ

ネイルオイルを塗る際は、ただ表面に塗るだけでなく、爪の溝や根元まで丁寧に行き渡らせるのがコツです。

---

▼続きはこちらから読めるよ

URL: https://www.mikke-style.com/column/col-nail-oil-care-habit?t=1783512012
----------------------
Launching browser...
Loading existing session from /Users/tsukika/affiliate-portal/scratch/state.json...
Navigating to new note editor...
Typing title...
Typing content...
Typing URL...
Pressing Enter twice to trigger link card...
Uploading cover image: /Users/tsukika/affiliate-portal/public/column-images/col-nail-oil-care-habit.png
Waiting for crop modal...
Clicked crop save button. Waiting for modal to close...
Crop modal closed. Waiting for upload processing...
Clicking '下書き保存' for synchronization...
Clicking '公開に進む'...
Waiting for publishing settings screen...
❌ Error occurred during note posting: Page.wait_for_selector: Timeout 15000ms exceeded.
Call log:
  - waiting for locator("button:has-text(\"投稿する\"), button:has-text(\"更新する\")") to be visible

Saved error screenshot to scratch/error_post_state.png
❌ Note posting script failed.
Auto mode: Searching scheduled column for today...
Searching for columns scheduled for JST today: 2026-07-09
🎉 Found matching column to post: col-mask-friction-skin-prevention.md (scheduled at 2026-07-09 12:00:00)
--- Posting Summary ---
Title: マスク荒れを防ぐ。【長時間着用時の肌摩擦と蒸れ対策スキンケア】
Image: /Users/tsukika/affiliate-portal/public/column-images/col-mask-friction-skin-prevention.png
Body Intro:
毎日のようにマスクを着用していると、ふと鏡を見たときに肌の赤みやごわつきに気づくことはありませんか。マスクは生活に欠かせないものですが、実は**長時間使用**することで肌にとっては過酷な環境を作り出してしまうことがあります。

マスク内部の環境がどのように肌へ影響を与えているのかを知ることは、健やかな肌をキープする第一歩です。今回は、マスクによる摩擦や蒸れといったダメージから肌を守るための、正しい**スキンケア**の知識と習慣について詳しく解説します。肌のバリア機能を整え、トラブルを未然に防ぐためのお手入れ方法を一緒に学んでいきましょう。

---

## マスク内部の環境と肌への影響

マスクを長時間着用すると、呼気によって内部の温度と湿度が急激に上昇します。この状態は肌の角質細胞をふやけさせ、**バリア機能**を一時的に弱めてしまう可能性があるのです。

---

## 摩擦ダメージを抑える物理的な対策

マスクを着用する際に生じる物理的な**摩擦**は、角質層を損傷させる大きな要因です。まずは自分の顔の形に合ったサイズ選びが基本となり、密着度を適切に調整することが物理刺激の低減につながります。

---

## 帰宅後の清潔習慣と正しい洗顔

長時間マスクを着用した後は、皮脂の過剰分泌や汚れが肌に付着している状態です。帰宅後はできるだけ早めに**洗顔**を行い、肌を清潔な状態に戻すことが大切です。

---

▼続きはこちらから読めるよ

URL: https://www.mikke-style.com/column/col-mask-friction-skin-prevention?t=1783555262
----------------------
Launching browser...
Loading existing session from /Users/tsukika/affiliate-portal/scratch/state.json...
Navigating to new note editor...
Typing title...
Typing content...
Typing URL...
Pressing Enter twice to trigger link card...
Uploading cover image: /Users/tsukika/affiliate-portal/public/column-images/col-mask-friction-skin-prevention.png
Waiting for crop modal...
Clicked crop save button. Waiting for modal to close...
Crop modal closed. Waiting for upload processing...
Clicking '下書き保存' for synchronization...
Clicking '公開に進む'...
Waiting for publishing settings screen...
Adding hashtags: ['みっけ', 'みっけ編集部', 'スキンケア', 'コスメ', '美容']
Added hashtag: みっけ
Added hashtag: みっけ編集部
Added hashtag: スキンケア
Added hashtag: コスメ
Added hashtag: 美容
Clicking '投稿する' / '更新する'...
Waiting for publication to complete...
🎉 Successfully posted! URL: https://editor.note.com/notes/nb5dcd198cebb/publish/
📝 Updated front matter of /Users/tsukika/affiliate-portal/src/content/columns/col-mask-friction-skin-prevention.md with noteUrl.
🎉 Note posting script completed successfully.
Auto mode: Searching scheduled column for today...
Searching for columns scheduled for JST today: 2026-07-09
ℹ️ Column already published to note (has noteUrl): col-mask-friction-skin-prevention.md
🎉 Found matching column to post: col-night-cream-sealing-effect.md (scheduled at 2026-07-09 22:00:00)
--- Posting Summary ---
Title: 夜の肌を格上げ。【睡眠中の水分蒸発を防ぐナイトクリームの活用術】
Image: /Users/tsukika/affiliate-portal/public/column-images/col-night-cream-sealing-effect.png
Full Content:
一日の終わり、丁寧な**スキンケア**を終えても「翌朝になると肌が乾燥している」と感じることはありませんか。実は、睡眠中の肌は日中よりも経皮水分蒸発量が増加し、乾燥しやすい過酷な環境にさらされています。

夜間は皮膚のターンオーバーや修復プロセスが活発になる大切な時間です。この時間を活用して外側から適切な保湿環境を整えることは、肌の健やかな再生をサポートするために非常に重要です。今回は、夜の**スキンケア**で欠かせない油分による保湿の仕組みと、ナイトクリームを効果的に取り入れるための知識をお届けします。

---

## ナイトクリームが担う「物理的な守り」の役割

ナイトクリームの主な目的は、化粧水や**美容液**で補った水分を逃がさないように、油分で物理的な被膜を形成することです。これをエモリエント効果と呼びます。

---

## 効果を最大化する塗布のタイミングと手順

ナイトクリームは、**洗顔**後に水分を補った直後の肌に使用するのが基本です。水分が角層に行き渡ったタイミングで蓋をすることで、うるおいをしっかりと閉じ込めることができます。

---

## 乾燥悩みがある部位への重点ケア

目元や口元は、他の部位よりも**角層**が薄く、バリア機能が低下しやすい箇所です。そのため、顔全体に伸ばした後に、乾燥が顕著なパーツへ重ね付けを行うことが推奨されます。

---

▼続きはこちらから読めるよ
https://www.mikke-style.com/column/col-night-cream-sealing-effect?t=1783598406
----------------------
Launching browser...
Loading existing session from /Users/tsukika/affiliate-portal/scratch/state.json...
Navigating to new note editor...
❌ Error occurred during note posting: Page.goto: net::ERR_INTERNET_DISCONNECTED at https://note.com/notes/new
Call log:
  - navigating to "https://note.com/notes/new", waiting until "load"

Saved error screenshot to scratch/error_post_state.png
❌ Note posting script failed.
Auto mode: Searching scheduled column for today...
Searching for columns scheduled for JST today: 2026-07-10
🎉 Found matching column to post: col-diet-skin-turnover-support.md (scheduled at 2026-07-10 12:00:00)
--- Posting Summary ---
Title: 美肌を作る食事術。【ターンオーバーを助けるビタミン摂取の基礎知識】
Image: /Users/tsukika/affiliate-portal/public/column-images/col-diet-skin-turnover-support.png
Full Content:
日々の丁寧な**スキンケア**を続けていても、なかなか肌の調子が上がらないと悩むことはありませんか。実はお肌の健康を左右するのは、外側からの化粧品によるケアだけではありません。美肌の鍵となるのは、肌の生まれ変わりであるターンオーバーが正常に行われること。

その土台を整えるためには、毎日の食事を通じた内側からの**栄養補給**が欠かせないのです。今回は、健やかな代謝をサポートするために知っておきたい、食事と栄養の基本的な知識や、美肌を育むための習慣について詳しく解説します。

---

## ターンオーバーの仕組みと美肌の関係

ターンオーバーとは、肌の基底層で生まれた細胞が形を変えながら**角層**へ押し上げられ、最終的に垢として剥がれ落ちる約28日周期の代謝サイクルのことを指します。

---

## 代謝をサポートするビタミンたちの役割

肌の再生には、タンパク質やビタミンなど多くの**栄養素**が関わっています。

---

## ミネラルと水分の重要性を見直そう

食事で摂るべきはビタミンだけではありません。タンパク質の合成や新陳代謝に関与する酵素の**成分**である亜鉛も、肌の再生には欠かせないミネラルです。

---

▼続きはこちらから読めるよ
https://www.mikke-style.com/column/col-diet-skin-turnover-support?t=1783641601
----------------------
Launching browser...
Loading existing session from /Users/tsukika/affiliate-portal/scratch/state.json...
Navigating to new note editor...
Typing title...
Typing content and URL...
Pressing Enter twice to trigger link card...
Uploading cover image: /Users/tsukika/affiliate-portal/public/column-images/col-diet-skin-turnover-support.png
Waiting for crop modal...
Clicked crop save button. Waiting for modal to close...
Crop modal closed. Waiting for upload processing...
Clicking '下書き保存' for synchronization...
Clicking '公開に進む'...
Waiting for publishing settings screen...
❌ Error occurred during note posting: Page.wait_for_selector: Timeout 15000ms exceeded.
Call log:
  - waiting for locator("button:has-text(\"投稿する\"), button:has-text(\"更新する\")") to be visible

Saved error screenshot to scratch/error_post_state.png
❌ Note posting script failed.
Auto mode: Searching scheduled column for today...
Searching for columns scheduled for JST today: 2026-07-10
🎉 Found matching column to post: col-diet-skin-turnover-support.md (scheduled at 2026-07-10 12:00:00)
--- Posting Summary ---
Title: 美肌を作る食事術。【ターンオーバーを助けるビタミン摂取の基礎知識】
Image: /Users/tsukika/affiliate-portal/public/column-images/col-diet-skin-turnover-support.png
Full Content:
日々の丁寧な**スキンケア**を続けていても、なかなか肌の調子が上がらないと悩むことはありませんか。実はお肌の健康を左右するのは、外側からの化粧品によるケアだけではありません。美肌の鍵となるのは、肌の生まれ変わりであるターンオーバーが正常に行われること。

その土台を整えるためには、毎日の食事を通じた内側からの**栄養補給**が欠かせないのです。今回は、健やかな代謝をサポートするために知っておきたい、食事と栄養の基本的な知識や、美肌を育むための習慣について詳しく解説します。

---

## ターンオーバーの仕組みと美肌の関係

ターンオーバーとは、肌の基底層で生まれた細胞が形を変えながら**角層**へ押し上げられ、最終的に垢として剥がれ落ちる約28日周期の代謝サイクルのことを指します。

---

## 代謝をサポートするビタミンたちの役割

肌の再生には、タンパク質やビタミンなど多くの**栄養素**が関わっています。

---

## ミネラルと水分の重要性を見直そう

食事で摂るべきはビタミンだけではありません。タンパク質の合成や新陳代謝に関与する酵素の**成分**である亜鉛も、肌の再生には欠かせないミネラルです。

---

▼続きはこちらから読めるよ
https://www.mikke-style.com/column/col-diet-skin-turnover-support?t=1783684817
----------------------
Launching browser...
Loading existing session from /Users/tsukika/affiliate-portal/scratch/state.json...
Navigating to new note editor...
Typing title...
Typing content and URL...
Pressing Enter twice to trigger link card...
Uploading cover image: /Users/tsukika/affiliate-portal/public/column-images/col-diet-skin-turnover-support.png
Waiting for crop modal...
Clicked crop save button. Waiting for modal to close...
Crop modal closed. Waiting for upload processing...
Clicking '下書き保存' for synchronization...
Clicking '公開に進む'...
Waiting for publishing settings screen...
❌ Error occurred during note posting: Page.wait_for_selector: Timeout 15000ms exceeded.
Call log:
  - waiting for locator("button:has-text(\"投稿する\"), button:has-text(\"更新する\")") to be visible

Saved error screenshot to scratch/error_post_state.png
❌ Note posting script failed.
Auto mode: Searching scheduled column for today...
Searching for columns scheduled for JST today: 2026-07-11
🎉 Found matching column to post: col-july-sebum-uv-protection.md (scheduled at 2026-07-11 12:00:00)
--- Posting Summary ---
Title: 夏のベタつき解消。【7月の湿気と紫外線による皮脂崩れ予防策】
Image: /Users/tsukika/affiliate-portal/public/column-images/col-july-sebum-uv-protection.png
Full Content:
気温の上昇とともに、メイクが崩れやすかったり、Tゾーンのテカリが気になったりする機会が増えていませんか。実は、気温が1度上がるごとに皮脂の分泌量は約10パーセントも増加するといわれています。また、湿度の高さは肌表面の**水分**蒸散を妨げ、バリア機能を揺らがせる要因にもなりかねません。

今回は、7月特有の過酷な環境下で、どのように**皮脂**と付き合い、快適な肌状態を維持すべきかという点について、美容知識の観点から深掘りしていきます。正しい知識を取り入れて、季節特有のお悩みをスマートにケアしていきましょう。

---

## 皮脂分泌が加速するメカニズムとUV対策の重要性

なぜ夏場はこれほどまでに**皮脂**が気になるのでしょうか。その背景には、紫外線によるダメージが深く関わっています。

---

## やりすぎは禁物！正しい洗顔と保湿のバランス

テカリが気になると、つい何度も**洗顔**したくなりますよね。しかし、過度な洗顔で皮脂を完全に取り除くと、肌は乾燥から身を守ろうとして、かえって代償的に皮脂を過剰分泌させてしまいます。

---

## 日中のケアと体内環境の整え方

外出先でテカリを感じたときは、こすらずにケアすることが大切です。清潔なティッシュやあぶらとり紙を使い、優しく吸着させるだけで**摩擦**ダメージを最小限に抑えられます。

---

▼続きはこちらから読めるよ
https://www.mikke-style.com/column/col-july-sebum-uv-protection?t=1783728007
----------------------
Launching browser...
Loading existing session from /Users/tsukika/affiliate-portal/scratch/state.json...
Navigating to new note editor...
Typing title...
Typing content and URL...
Pressing Enter twice to trigger link card...
Uploading cover image: /Users/tsukika/affiliate-portal/public/column-images/col-july-sebum-uv-protection.png
Waiting for crop modal...
Clicked crop save button. Waiting for modal to close...
Crop modal closed. Waiting for upload processing...
Clicking '下書き保存' for synchronization...
Clicking '公開に進む'...
Waiting for publishing settings screen...
Adding hashtags: ['みっけ', 'みっけ編集部', 'スキンケア', 'コスメ', '美容']
Added hashtag: みっけ
Added hashtag: みっけ編集部
Added hashtag: スキンケア
Added hashtag: コスメ
Added hashtag: 美容
Clicking '投稿する' / '更新する'...
Waiting for publication to complete...
🎉 Successfully posted! URL: https://editor.note.com/notes/n211cef53a222/publish/
📝 Updated front matter of /Users/tsukika/affiliate-portal/src/content/columns/col-july-sebum-uv-protection.md with noteUrl.
🎉 Note posting script completed successfully.
Auto mode: Searching scheduled column for today...
Searching for columns scheduled for JST today: 2026-07-11
ℹ️ Column already published to note (has noteUrl): col-july-sebum-uv-protection.md
🎉 Found matching column to post: col-summer-aircon-dry-care.md (scheduled at 2026-07-11 22:00:00)
--- Posting Summary ---
Title: 冷房による乾燥対策。【オフィスや寝室でのインナードライケア術】
Image: /Users/tsukika/affiliate-portal/public/column-images/col-summer-aircon-dry-care.png
Full Content:
夏場、オフィスや寝室で長時間過ごすと、肌の表面はベタついているのに内側がカサつくような感覚を覚えることはありませんか。これは「インナードライ」と呼ばれる状態で、冷房による急激な**水分**蒸散が大きな要因の一つです。

湿度が下がるほど皮膚からの**水分**蒸散量は指数関数的に増加するというデータもあります。エアコンの風にさらされる肌は、過酷な環境に置かれているのと同じです。今回は、うるおいを逃さず健やかな肌を保つための正しい知識と、毎日のケアステップをご紹介します。

---

## なぜ冷房で肌が乾燥するのか

冷房は空気を冷却する過程で空気中の**水分**を取り除き、湿度を低下させます。湿度が低い環境では皮膚の水分が奪われやすくなり、バリア機能が低下しがちです。

---

## 水分保持に不可欠な3つの要素

角層の**水分**を蓄えるには、細胞間脂質（セラミドなど）、天然保湿因子（NMF）、皮脂膜という3つの要素が不可欠です。これらは冷房下のような乾燥環境では機能が低下しやすく、肌の水分を逃がさない力が弱まってしまいます。

---

## オフィスや室内での保湿ケアのコツ

オフィスなどでミスト状の**化粧水**を使用する際は注意が必要です。水分のみを塗布して放置すると、蒸発する際に肌本来の水分まで一緒に奪ってしまう恐れがあるためです。

---

▼続きはこちらから読めるよ
https://www.mikke-style.com/column/col-summer-aircon-dry-care?t=1783771202
----------------------
Launching browser...
Loading existing session from /Users/tsukika/affiliate-portal/scratch/state.json...
Navigating to new note editor...
Typing title...
Typing content and URL...
Pressing Enter twice to trigger link card...
Uploading cover image: /Users/tsukika/affiliate-portal/public/column-images/col-summer-aircon-dry-care.png
Waiting for crop modal...
Clicked crop save button. Waiting for modal to close...
Crop modal closed. Waiting for upload processing...
Clicking '下書き保存' for synchronization...
Clicking '公開に進む'...
Waiting for publishing settings screen...
Adding hashtags: ['みっけ', 'みっけ編集部', 'スキンケア', 'コスメ', '美容']
Added hashtag: みっけ
Added hashtag: みっけ編集部
Added hashtag: スキンケア
Added hashtag: コスメ
Added hashtag: 美容
Clicking '投稿する' / '更新する'...
Waiting for publication to complete...
🎉 Successfully posted! URL: https://editor.note.com/notes/n2142bc456972/publish/
📝 Updated front matter of /Users/tsukika/affiliate-portal/src/content/columns/col-summer-aircon-dry-care.md with noteUrl.
🎉 Note posting script completed successfully.
Auto mode: Searching scheduled column for today...
Searching for columns scheduled for JST today: 2026-07-12
🎉 Found matching column to post: col-july-pore-tightening-care.md (scheduled at 2026-07-12 12:00:00)
--- Posting Summary ---
Title: 夏の毛穴ケア。【高温多湿な7月に取り入れたい毛穴引き締め習慣】
Image: /Users/tsukika/affiliate-portal/public/column-images/col-july-pore-tightening-care.png
Body Intro:
日差しが強まり、気温もぐっと上がる7月。この時期は**皮脂**分泌が活発になり、毛穴の開きや詰まりに頭を抱える機会も増えますよね。気温が1度上がるだけで、皮脂分泌量は約10パーセントも増加すると言われています。

過剰な**皮脂**と湿気は、毛穴トラブルを加速させる要因になりかねません。特に放置された皮脂が酸化すると炎症を招き、毛穴周辺の皮膚がダメージを受けることもあります。今回は、毛穴を目立たせず、健やかな肌をキープするために必要な正しいケア習慣について、皮膚科学の視点から深掘りし、今日からできる対策を分かりやすく解説していきます。

---

## 皮脂の酸化を防ぐ！夜の洗顔の重要性

日中に蓄積した**皮脂**や大気汚染物質は、そのまま放置すると酸化し、肌への刺激となります。

---

## 毛穴を閉塞させないスキンケア選び

高温多湿な環境では、油分が多すぎる製品は**毛穴**を閉塞させるリスクがあります。

---

## 成分でアプローチする毛穴の引き締め

毛穴ケアには、特定の美容成分を取り入れるアプローチも**効果**的です。

---

▼続きはこちらから読めるよ

URL: https://www.mikke-style.com/column/col-july-pore-tightening-care?t=1783814406
----------------------
Launching browser...
Loading existing session from /Users/tsukika/affiliate-portal/scratch/state.json...
Navigating to new note editor...
Typing title...
Typing content...
Pasting URL via ClipboardEvent...
Pressing Enter to settle link card...
Uploading cover image: /Users/tsukika/affiliate-portal/public/column-images/col-july-pore-tightening-care.png
Waiting for crop modal...
Clicked crop save button. Waiting for modal to close...
Crop modal closed. Waiting for upload processing...
Clicking '下書き保存' for synchronization...
Clicking '公開に進む'...
Waiting for publishing settings screen...
❌ Error occurred during note posting: Page.wait_for_selector: Timeout 15000ms exceeded.
Call log:
  - waiting for locator("button:has-text(\"投稿する\"), button:has-text(\"更新する\")") to be visible

Saved error screenshot to scratch/error_post_state.png
❌ Note posting script failed.
Auto mode: Searching scheduled column for today...
Searching for columns scheduled for JST today: 2026-07-12
ℹ️ Column already published to note (has noteUrl): col-july-pore-tightening-care.md
🎉 Found matching column to post: col-july-uv-after-care-routine.md (scheduled at 2026-07-12 22:00:00)
--- Posting Summary ---
Title: 紫外線の蓄積を防ぐ。【7月以降も続けるべき全身のUVアフターケア】
Image: /Users/tsukika/affiliate-portal/public/column-images/col-july-uv-after-care-routine.png
Body Intro:
日差しが**本格的**になる7月以降、紫外線対策の手を緩めていませんか。実は、紫外線ダメージは肌に蓄積される性質があり、長期間浴び続けることで光老化によるシミやシワ、弾力低下が加速してしまいます。

日中の日焼け止め使用はもちろんのこと、夜のアフターケアをセットで捉える**「トータルUVマネジメント」**こそが、将来の肌を守る鍵となります。今回は、夏の強い日差しを浴びた後の正しいリカバリー方法について、専門的な視点から詳しくお伝えします。

---

## 紫外線を浴びた直後の最優先ステップ

**長時間屋外**で過ごした日の夜は、まず炎症を鎮めることが最優先です。

---

## 乱れたバリア機能を整える保湿ケア

紫外線ダメージを受けた角質層は、**バリア機能**が著しく低下しています。

---

## 光老化を抑制する成分の取り入れ方

**紫外線**は体内で活性酸素を発生させ、メラノサイトを活性化させてしまいます。

---

▼続きはこちらから読めるよ

URL: https://www.mikke-style.com/column/col-july-uv-after-care-routine?t=1783857605
----------------------
Launching browser...
Loading existing session from /Users/tsukika/affiliate-portal/scratch/state.json...
Navigating to new note editor...
Typing title...
Typing content...
Pasting URL via ClipboardEvent...
Pressing Enter to settle link card...
Uploading cover image: /Users/tsukika/affiliate-portal/public/column-images/col-july-uv-after-care-routine.png
Waiting for crop modal...
Clicked crop save button. Waiting for modal to close...
Crop modal closed. Waiting for upload processing...
Clicking '下書き保存' for synchronization...
Clicking '公開に進む'...
Waiting for publishing settings screen...
Adding hashtags: ['みっけ', 'みっけ編集部', 'スキンケア', 'コスメ', '美容']
Added hashtag: みっけ
Added hashtag: みっけ編集部
Added hashtag: スキンケア
Added hashtag: コスメ
Added hashtag: 美容
Clicking '投稿する' / '更新する'...
Waiting for publication to complete...
🎉 Successfully posted! URL: https://editor.note.com/notes/ndcf9d25a2b07/publish/
📝 Updated front matter of /Users/tsukika/affiliate-portal/src/content/columns/col-july-uv-after-care-routine.md with noteUrl.
🎉 Note posting script completed successfully.
Auto mode: Searching scheduled column for today...
Searching for columns scheduled for JST today: 2026-07-13
ℹ️ No columns found to post for today.
No target file to process. Exiting.
Auto mode: Searching scheduled column for today...
Searching for columns scheduled for JST today: 2026-07-13
ℹ️ No columns found to post for today.
No target file to process. Exiting.
Auto mode: Searching scheduled column for today...
Searching for columns scheduled for JST today: 2026-07-14
ℹ️ No columns found to post for today.
No target file to process. Exiting.
Auto mode: Searching scheduled column for today...
Searching for columns scheduled for JST today: 2026-07-14
ℹ️ No columns found to post for today.
No target file to process. Exiting.
Auto mode: Searching scheduled column for today...
Searching for columns scheduled for JST today: 2026-07-15
ℹ️ No columns found to post for today.
No target file to process. Exiting.
Auto mode: Searching scheduled column for today...
Searching for columns scheduled for JST today: 2026-07-15
ℹ️ No columns found to post for today.
No target file to process. Exiting.
Auto mode: Searching scheduled column for today...
Searching for columns scheduled for JST today: 2026-07-16
ℹ️ No columns found to post for today.
No target file to process. Exiting.
Auto mode: Searching scheduled column for today...
Searching for columns scheduled for JST today: 2026-07-16
ℹ️ No columns found to post for today.
No target file to process. Exiting.
Auto mode: Searching scheduled column for today...
Searching for columns scheduled for JST today: 2026-07-17
ℹ️ No columns found to post for today.
No target file to process. Exiting.
Auto mode: Searching scheduled column for today...
Searching for columns scheduled for JST today: 2026-07-18
ℹ️ No columns found to post for today.
No target file to process. Exiting.
Auto mode: Searching scheduled column for today...
Searching for columns scheduled for JST today: 2026-07-21
ℹ️ No columns found to post for today.
No target file to process. Exiting.
Auto mode: Searching scheduled column for today...
Searching for columns scheduled for JST today: 2026-07-21
ℹ️ Column already published to note (has noteUrl): col-aging-care-when-to-start.md
🎉 Found matching column to post: col-anti-aging-serum-ingredients.md (scheduled at 2026-07-21 22:00:00)
--- Posting Summary ---
Title: 時を重ねる肌へ、集中ケア。【エイジングケア美容液の有効成分と選び方】
Image: /Users/tsukika/affiliate-portal/public/column-images/col-anti-aging-serum-ingredients.png
Body Intro:
なんだか最近、肌の元気がないと感じたり、**「あれ？前に比べてハリが…？」**と鏡を見て憂鬱になることはありませんか？

肌は、日々の生活や年齢を重ねるごとに少しずつ変化していくものです。特に、未来の肌を左右する「エイジングケア」は、いつから、何を始めたら良いのか悩む方も多いでしょう。今回は、エイジングケアの強い味方、「**美容液**」に焦点を当てて解説します。

どのような**成分**が肌にアプローチするのか、そして、ご自身にぴったりの一本を見つける方法まで、美容の専門家の視点から詳しくご紹介します。正しい知識を身につけて、自信あふれる肌を目指しましょう。

---

## エイジングのメカニズムを知ろう！肌が変化する理由

**「年齢を重ねると肌はどう変わるのか」**と、漠然とした疑問を抱えている方もいらっしゃるかもしれません。

---

## エイジングケア美容液の代表的な有効成分とその働き

エイジングケア**美容液**を選ぶとき、「どんな成分がいいのか」と迷うことはありませんか？

---

## 効果を引き出す！美容液の選び方と使い方

エイジングケア**美容液**は、ただ使うだけではもったいないです！

---

▼続きはこちらから読めるよ

URL: https://www.mikke-style.com/column/col-anti-aging-serum-ingredients?t=1784579016
----------------------
Launching browser...
Loading existing session from /Users/tsukika/affiliate-portal/scratch/state.json...
Navigating to new note editor...
Typing title...
Typing content...
Pasting URL via ClipboardEvent...
Pressing Enter to settle link card...
Uploading cover image: /Users/tsukika/affiliate-portal/public/column-images/col-anti-aging-serum-ingredients.png
Waiting for crop modal...
Clicked crop save button. Waiting for modal to close...
Crop modal closed. Waiting for upload processing...
Clicking '下書き保存' for synchronization...
Clicking '公開に進む'...
Waiting for publishing settings screen...
❌ Error occurred during note posting: Page.wait_for_selector: Timeout 15000ms exceeded.
Call log:
  - waiting for locator("button:has-text(\"投稿する\"), button:has-text(\"更新する\")") to be visible
    - locator resolved to visible <button id=":r12:" type="button" data-name="Button" class="relative m-0 inline-flex cursor-pointer touch-manipulation appearance-none items-center justify-center overflow-hidden whitespace-nowrap rounded-lg text-center align-top font-base font-bold no-underline transition-colors duration-200 ease-inOutExpo border border-solid border-custom-accent bg-custom-accent text-text-invert min-h-8 px-3 text-xs outline-0 hover:outline-0 focus:outline-0 active:outline-0 outline-none">…</button>

Saved error screenshot to scratch/error_post_state.png
❌ Note posting script failed.
Auto mode: Searching scheduled column for today...
Searching for columns scheduled for JST today: 2026-07-21
ℹ️ Column already published to note (has noteUrl): col-aging-care-when-to-start.md
🎉 Found matching column to post: col-anti-aging-serum-ingredients.md (scheduled at 2026-07-21 22:00:00)
--- Posting Summary ---
Title: 時を重ねる肌へ、集中ケア。【エイジングケア美容液の有効成分と選び方】
Image: /Users/tsukika/affiliate-portal/public/column-images/col-anti-aging-serum-ingredients.png
Body Intro:
なんだか最近、肌の元気がないと感じたり、**「あれ？前に比べてハリが…？」**と鏡を見て憂鬱になることはありませんか？

肌は、日々の生活や年齢を重ねるごとに少しずつ変化していくものです。特に、未来の肌を左右する「エイジングケア」は、いつから、何を始めたら良いのか悩む方も多いでしょう。今回は、エイジングケアの強い味方、「**美容液**」に焦点を当てて解説します。

どのような**成分**が肌にアプローチするのか、そして、ご自身にぴったりの一本を見つける方法まで、美容の専門家の視点から詳しくご紹介します。正しい知識を身につけて、自信あふれる肌を目指しましょう。

---

## エイジングのメカニズムを知ろう！肌が変化する理由

**「年齢を重ねると肌はどう変わるのか」**と、漠然とした疑問を抱えている方もいらっしゃるかもしれません。

---

## エイジングケア美容液の代表的な有効成分とその働き

エイジングケア**美容液**を選ぶとき、「どんな成分がいいのか」と迷うことはありませんか？

---

## 効果を引き出す！美容液の選び方と使い方

エイジングケア**美容液**は、ただ使うだけではもったいないです！

---

▼続きはこちらから読めるよ

URL: https://www.mikke-style.com/column/col-anti-aging-serum-ingredients?t=1784592006
----------------------
Launching browser...
Loading existing session from /Users/tsukika/affiliate-portal/scratch/state.json...
Navigating to new note editor...
Typing title...
Typing content...
Pasting URL via ClipboardEvent...
Pressing Enter to settle link card...
Uploading cover image: /Users/tsukika/affiliate-portal/public/column-images/col-anti-aging-serum-ingredients.png
Waiting for crop modal...
Clicked crop save button. Waiting for modal to close...
Crop modal closed. Waiting for upload processing...
Clicking '下書き保存' for synchronization...
Clicking '公開に進む'...
Waiting for publishing settings screen...
Adding hashtags: ['みっけ', 'みっけ編集部', 'スキンケア', 'コスメ', '美容']
Added hashtag: みっけ
Added hashtag: みっけ編集部
Added hashtag: スキンケア
Added hashtag: コスメ
Added hashtag: 美容
Clicking '投稿する' / '更新する'...
Waiting for publication to complete...
🎉 Successfully posted! URL: https://editor.note.com/notes/n2f94ce40fe60/publish/
📝 Updated front matter of /Users/tsukika/affiliate-portal/src/content/columns/col-anti-aging-serum-ingredients.md with noteUrl.
🎉 Note posting script completed successfully.
Traceback (most recent call last):
  File "/Users/tsukika/affiliate-portal/scripts/note_auto_post.py", line 491, in <module>
    main()
  File "/Users/tsukika/affiliate-portal/scripts/note_auto_post.py", line 482, in main
    success = post_to_note(target_file, dry_run=args.dry_run)
  File "/Users/tsukika/affiliate-portal/scripts/note_auto_post.py", line 251, in post_to_note
    browser = p.chromium.launch(headless=True)
  File "/Users/tsukika/Library/Python/3.9/lib/python/site-packages/playwright/sync_api/_generated.py", line 16269, in launch
    self._sync(
  File "/Users/tsukika/Library/Python/3.9/lib/python/site-packages/playwright/_impl/_sync_base.py", line 115, in _sync
    return task.result()
  File "/Users/tsukika/Library/Python/3.9/lib/python/site-packages/playwright/_impl/_browser_type.py", line 98, in launch
    await self._channel.send(
  File "/Users/tsukika/Library/Python/3.9/lib/python/site-packages/playwright/_impl/_connection.py", line 69, in send
    return await self._connection.wrap_api_call(
  File "/Users/tsukika/Library/Python/3.9/lib/python/site-packages/playwright/_impl/_connection.py", line 559, in wrap_api_call
    raise rewrite_error(error, f"{parsed_st['apiName']}: {error}") from None
playwright._impl._errors.Error: BrowserType.launch: ENOSPC: no space left on device, mkdtemp '/var/folders/w3/8vfzvy4s6x525gnfdkj7n7sc0000gn/T/playwright-artifacts-CiD2fS'
Exception ignored in: <_io.TextIOWrapper name='<stdout>' mode='w' encoding='utf-8'>
Auto mode: Searching scheduled column for today...
Searching for columns scheduled for JST today: 2026-07-23
🎉 Found matching column to post: col-cleanser-how-to-foam.md (scheduled at 2026-07-23 12:00:00)
--- Posting Summary ---
Title: 肌荒れに悩まない。【洗顔の正しい順番と泡立て方で美肌を育む】
Image: /Users/tsukika/affiliate-portal/public/column-images/col-cleanser-how-to-foam.png
Body Intro:
毎日欠かさずしてる洗顔だけど、正しいやり方って実はあんまり知らないかも？って思ったことない？適当にゴシゴシ洗ったり、泡立てが足りなかったりすると、せっかくの**スキンケア**も台無しになっちゃうんだ。

むしろ肌への負担になって、**乾燥**や肌荒れの原因になっちゃうことだってあるから気をつけたいところだよ。

今回は、摩擦レスで肌に優しい**洗顔**をマスターするための、正しい泡立て方から洗顔の順番まで、しっかりレクチャーしていくね。今日からすぐに実践できる美容知識をゲットして、つるんと美肌を目指しちゃお！

---

## なんで泡立てが大事なの？摩擦レス洗顔のヒミツ

みんな、**洗顔**料はモコモコに泡立てるのが基本だって聞いたことあるよね？これには、ちゃんと理由があるんだ。

---

## 理想の泡ってどんな泡？モコモコ泡を極めよう

じゃあ、どんな泡が理想的だと思う？**「とりあえず泡立ってればいいや」**って思ってない？

---

## 泡立てマスターへの道！正しい泡立てテクニック

理想の泡を作るには、ちょっとしたコツがあるんだ。まずは**洗顔**料を手に取ったら、少量のぬるま湯（人肌程度）を加えて、空気を含ませるように指先でくるくると混ぜてみてね。

---

▼続きはこちらから読めるよ

URL: https://www.mikke-style.com/column/col-cleanser-how-to-foam?t=1784755607
----------------------
Launching browser...
Loading existing session from /Users/tsukika/affiliate-portal/scratch/state.json...
Navigating to new note editor...
Typing title...
Typing content...
Pasting URL via ClipboardEvent...
Pressing Enter to settle link card...
Uploading cover image: /Users/tsukika/affiliate-portal/public/column-images/col-cleanser-how-to-foam.png
Waiting for crop modal...
Clicked crop save button. Waiting for modal to close...
Crop modal closed. Waiting for upload processing...
Clicking '下書き保存' for synchronization...
Clicking '公開に進む'...
Waiting for publishing settings screen...
Adding hashtags: ['みっけ', 'みっけ編集部', 'スキンケア', 'コスメ', '美容']
Added hashtag: みっけ
Added hashtag: みっけ編集部
Added hashtag: スキンケア
Added hashtag: コスメ
Added hashtag: 美容
Clicking '投稿する' / '更新する'...
Waiting for publication to complete...
🎉 Successfully posted! URL: https://editor.note.com/notes/nab20236f0a5f/publish/
📝 Updated front matter of /Users/tsukika/affiliate-portal/src/content/columns/col-cleanser-how-to-foam.md with noteUrl.
🎉 Note posting script completed successfully.
