{
  "response": {
    "newConversation": {
      "prompt": "比較記事自動生成タスクを開始します。まず python3 scripts/cron_article_pipeline.py --all を実行してください。すべての処理が完了したら、git add、git commit、git push を行って終了してください。",
      "conversationId": "0ecfa83e-2462-479b-937e-b41ea32f3d26"
    }
  }
}
{
  "response": {
    "newConversation": {
      "prompt": "比較記事自動生成タスクを開始します。まず python3 scripts/cron_article_pipeline.py --all を実行してください。すべての処理が完了したら、git add、git commit、git push を行って終了してください。",
      "conversationId": "dd8e861d-1399-43d5-b55d-afb3fa7865cb"
    }
  }
}
{
  "response": {
    "newConversation": {
      "prompt": "比較記事自動生成タスクを開始します。まず python3 scripts/cron_article_pipeline.py --all を実行してください。すべての処理が完了したら、git add、git commit、git push を行って終了してください。",
      "conversationId": "3200cf01-863f-4204-9ec2-3490c28cc9ed"
    }
  }
}
{
  "response": {
    "newConversation": {
      "prompt": "比較記事自動生成タスクを開始します。まず python3 scripts/cron_article_pipeline.py --all を実行してください。すべての処理が完了したら、git add、git commit、git push を行って終了してください。",
      "conversationId": "5b578ef5-1f63-4aa1-870e-541840f688f1"
    }
  }
}
{
  "response": {
    "newConversation": {
      "prompt": "比較記事自動生成タスクを開始します。まず python3 scripts/cron_article_pipeline.py --all を実行してください。すべての処理が完了したら、git add、git commit、git push を行って終了してください。",
      "conversationId": "9e5a189b-8d8b-4fe8-a2d1-7f9cb983f174"
    }
  }
}
{
  "response": {
    "newConversation": {
      "prompt": "比較記事自動生成タスクを開始します。まず python3 scripts/cron_article_pipeline_master.py --all を実行してください。すべての処理が完了したら、git add、git commit、git push を行って終了してください。",
      "conversationId": "454c4662-b3e3-45b5-b320-20d6b9943790"
    }
  }
}
