{
  "response": {
    "newConversation": {
      "prompt": "毎週月曜朝のコラム自動生成タスクを開始します。まず python3 scripts/cron_column_pipeline.py を実行してください。実行が完了したら scratch/pending_eyecatches.json を読み込み、その中の全件に対して generate_image を使ってコラム記事のアイキャッチ画像を生成してください（保存先は public/column-images/[slug].png）。すべての処理が完了したら、git add、git commit、git push を行って終了してください。",
      "conversationId": "1df836f3-9fd1-42c9-8514-e087bf44c196"
    }
  }
}
{
  "response": {
    "newConversation": {
      "prompt": "毎週月曜朝のコラム自動生成タスクを開始します。まず python3 scripts/cron_column_pipeline.py を実行してください。実行が完了したら scratch/pending_eyecatches.json を読み込み、その中の全件に対して generate_image を使ってコラム記事のアイキャッチ画像を生成してください（保存先は public/column-images/[slug].png）。すべての処理が完了したら、git add、git commit、git push を行って終了してください。",
      "conversationId": "2668eebf-3140-4a41-8a46-bbb600e90405"
    }
  }
}
{
  "response": {},
  "error": "failed to fetch available models: rpc error: code = Unavailable desc = connection error: desc = \"error reading server preface: http2: failed reading the frame payload: http2: frame too large, note that the frame header looked like an HTTP/1.1 header\""
}
